################################################################################
#                                                                              #
#      IAR Universal Linker V5.4.1.30                                          #
#                                                                              #
#           Link time     =  17/Dec/2013  09:30:52                             #
#           Target CPU    =  x51                                               #
#           List file     =  "D:\Texas Instruments\BLE-CC254x-1.3.1\Projects\b #
#                            le\SimpleBLEBroadcaster\CC2540DB\CC2540\List\Simp #
#                            leBLEBroadcaster.map"                             #
#           Output file 1 =  "D:\Texas Instruments\BLE-CC254x-1.3.1\Projects\b #
#                            le\SimpleBLEBroadcaster\CC2540DB\CC2540\Exe\Simpl #
#                            eBLEBroadcaster.hex"                              #
#                            Format: intel-extended                            #
#           Output file 2 =  "D:\Texas Instruments\BLE-CC254x-1.3.1\Projects\b #
#                            le\SimpleBLEBroadcaster\CC2540DB\CC2540\Exe\Simpl #
#                            eBLEBroadcaster.d51"                              #
#                            Format: debug                                     #
#                            UBROF version 10.0.6                              #
#                            Using library modules for C-SPY (-rt)             #
#           Command line  =  "-ID:\Program Files (x86)\IAR Systems\Embedded Wo #
#                            rkbench 6.4\8051\CONFIG\"                         #
#                            -D_NR_OF_BANKS=0x07 -D_CODEBANK_END=0xFFFF        #
#                            -D_CODEBANK_START=0x8000 -D?CBANK_MASK=0xFF       #
#                            -D?CBANK=0x9F                                     #
#                            "D:\Texas Instruments\BLE-CC254x-1.3.1\Projects\b #
#                            le\Libraries\CC2540DB\bin\CC2540_BLE_bcast.lib"   #
#                            "D:\Texas Instruments\BLE-CC254x-1.3.1\Projects\b #
#                            le\Libraries\Common\bin\CC254x_BLE_HCI_TL_None.li #
#                            b"                                                #
#                            "D:\Texas Instruments\BLE-CC254x-1.3.1\Projects\b #
#                            le\SimpleBLEBroadcaster\CC2540DB\CC2540\Obj\OSAL. #
#                            r51"                                              #
#                            "D:\Texas Instruments\BLE-CC254x-1.3.1\Projects\b #
#                            le\SimpleBLEBroadcaster\CC2540DB\CC2540\Obj\OSAL_ #
#                            ClockBLE.r51"                                     #
#                            "D:\Texas Instruments\BLE-CC254x-1.3.1\Projects\b #
#                            le\SimpleBLEBroadcaster\CC2540DB\CC2540\Obj\OSAL_ #
#                            Memory.r51"                                       #
#                            "D:\Texas Instruments\BLE-CC254x-1.3.1\Projects\b #
#                            le\SimpleBLEBroadcaster\CC2540DB\CC2540\Obj\OSAL_ #
#                            PwrMgr.r51"                                       #
#                            "D:\Texas Instruments\BLE-CC254x-1.3.1\Projects\b #
#                            le\SimpleBLEBroadcaster\CC2540DB\CC2540\Obj\OSAL_ #
#                            SimpleBLEBroadcaster.r51"                         #
#                            "D:\Texas Instruments\BLE-CC254x-1.3.1\Projects\b #
#                            le\SimpleBLEBroadcaster\CC2540DB\CC2540\Obj\OSAL_ #
#                            Timers.r51"                                       #
#                            "D:\Texas Instruments\BLE-CC254x-1.3.1\Projects\b #
#                            le\SimpleBLEBroadcaster\CC2540DB\CC2540\Obj\OnBoa #
#                            rd.r51"                                           #
#                            "D:\Texas Instruments\BLE-CC254x-1.3.1\Projects\b #
#                            le\SimpleBLEBroadcaster\CC2540DB\CC2540\Obj\Simpl #
#                            eBLEBroadcaster_Main.r51"                         #
#                            "D:\Texas Instruments\BLE-CC254x-1.3.1\Projects\b #
#                            le\SimpleBLEBroadcaster\CC2540DB\CC2540\Obj\broad #
#                            caster.r51"                                       #
#                            "D:\Texas Instruments\BLE-CC254x-1.3.1\Projects\b #
#                            le\SimpleBLEBroadcaster\CC2540DB\CC2540\Obj\gap.r #
#                            51"                                               #
#                            "D:\Texas Instruments\BLE-CC254x-1.3.1\Projects\b #
#                            le\SimpleBLEBroadcaster\CC2540DB\CC2540\Obj\hal_a #
#                            dc.r51"                                           #
#                            "D:\Texas Instruments\BLE-CC254x-1.3.1\Projects\b #
#                            le\SimpleBLEBroadcaster\CC2540DB\CC2540\Obj\hal_a #
#                            es.r51"                                           #
#                            "D:\Texas Instruments\BLE-CC254x-1.3.1\Projects\b #
#                            le\SimpleBLEBroadcaster\CC2540DB\CC2540\Obj\hal_d #
#                            ma.r51"                                           #
#                            "D:\Texas Instruments\BLE-CC254x-1.3.1\Projects\b #
#                            le\SimpleBLEBroadcaster\CC2540DB\CC2540\Obj\hal_d #
#                            rivers.r51"                                       #
#                            "D:\Texas Instruments\BLE-CC254x-1.3.1\Projects\b #
#                            le\SimpleBLEBroadcaster\CC2540DB\CC2540\Obj\hal_f #
#                            lash.r51"                                         #
#                            "D:\Texas Instruments\BLE-CC254x-1.3.1\Projects\b #
#                            le\SimpleBLEBroadcaster\CC2540DB\CC2540\Obj\hal_k #
#                            ey.r51"                                           #
#                            "D:\Texas Instruments\BLE-CC254x-1.3.1\Projects\b #
#                            le\SimpleBLEBroadcaster\CC2540DB\CC2540\Obj\hal_l #
#                            cd.r51"                                           #
#                            "D:\Texas Instruments\BLE-CC254x-1.3.1\Projects\b #
#                            le\SimpleBLEBroadcaster\CC2540DB\CC2540\Obj\hal_l #
#                            ed.r51"                                           #
#                            "D:\Texas Instruments\BLE-CC254x-1.3.1\Projects\b #
#                            le\SimpleBLEBroadcaster\CC2540DB\CC2540\Obj\hal_s #
#                            leep.r51"                                         #
#                            "D:\Texas Instruments\BLE-CC254x-1.3.1\Projects\b #
#                            le\SimpleBLEBroadcaster\CC2540DB\CC2540\Obj\hal_s #
#                            tartup.r51"                                       #
#                            "D:\Texas Instruments\BLE-CC254x-1.3.1\Projects\b #
#                            le\SimpleBLEBroadcaster\CC2540DB\CC2540\Obj\hal_t #
#                            imer.r51"                                         #
#                            "D:\Texas Instruments\BLE-CC254x-1.3.1\Projects\b #
#                            le\SimpleBLEBroadcaster\CC2540DB\CC2540\Obj\hal_u #
#                            art.r51"                                          #
#                            "D:\Texas Instruments\BLE-CC254x-1.3.1\Projects\b #
#                            le\SimpleBLEBroadcaster\CC2540DB\CC2540\Obj\npi.r #
#                            51"                                               #
#                            "D:\Texas Instruments\BLE-CC254x-1.3.1\Projects\b #
#                            le\SimpleBLEBroadcaster\CC2540DB\CC2540\Obj\osal_ #
#                            bufmgr.r51"                                       #
#                            "D:\Texas Instruments\BLE-CC254x-1.3.1\Projects\b #
#                            le\SimpleBLEBroadcaster\CC2540DB\CC2540\Obj\osal_ #
#                            cbtimer.r51"                                      #
#                            "D:\Texas Instruments\BLE-CC254x-1.3.1\Projects\b #
#                            le\SimpleBLEBroadcaster\CC2540DB\CC2540\Obj\osal_ #
#                            snv.r51"                                          #
#                            "D:\Texas Instruments\BLE-CC254x-1.3.1\Projects\b #
#                            le\SimpleBLEBroadcaster\CC2540DB\CC2540\Obj\simpl #
#                            eBLEBroadcaster.r51"                              #
#                            -o                                                #
#                            "D:\Texas Instruments\BLE-CC254x-1.3.1\Projects\b #
#                            le\SimpleBLEBroadcaster\CC2540DB\CC2540\Exe\Simpl #
#                            eBLEBroadcaster.d51"                              #
#                            -l                                                #
#                            "D:\Texas Instruments\BLE-CC254x-1.3.1\Projects\b #
#                            le\SimpleBLEBroadcaster\CC2540DB\CC2540\List\Simp #
#                            leBLEBroadcaster.map"                             #
#                            -xmsn -f                                          #
#                            "D:\Texas Instruments\BLE-CC254x-1.3.1\Projects\b #
#                            le\SimpleBLEBroadcaster\CC2540DB\..\..\common\cc2 #
#                            540\ti_51ew_cc2540b.xcl"                          #
#                            (-D_IDATA_END=0xFF -D_PDATA_START=0x1E00          #
#                            -D_PDATA_END=0x1EFF -D_IXDATA_START=0x0001        #
#                            -D_IXDATA_END=0x1EFF                              #
#                            -D_XDATA_START=_IXDATA_START                      #
#                            -D_XDATA_END=_IXDATA_END -D_CODE_START=0x0000     #
#                            -D_CODE_END=0x7FFF -D_FIRST_BANK_ADDR=0x10000     #
#                            -D_NEAR_CODE_END=_CODE_END -D?REGISTER_BANK=0     #
#                            -D_REGISTER_BANK_START=0 -D?PBANK_NUMBER=0x1E     #
#                            -D_BREG_START=0x00 -D?VB=0x20                     #
#                            -D_FAR_DATA_NR_OF_BANKS=0x0E                      #
#                            -D_FAR_DATA_START=0x010001                        #
#                            -D_FAR_DATA_END=0xFFFFFF                          #
#                            -D_FAR_CODE_START=_CODE_START                     #
#                            -D_FAR_CODE_END=_CODE_END                         #
#                            -Z(BIT)BREG=_BREG_START -Z(BIT)BIT_N=0-7F         #
#                            -Z(DATA)REGISTERS+8=_REGISTER_BANK_START          #
#                            -Z(DATA)BDATA_Z,BDATA_N,BDATA_I=20-2F             #
#                            -Z(DATA)VREG+_NR_OF_VIRTUAL_REGISTERS=08-7F       #
#                            -Z(DATA)PSP,XSP=08-7F -Z(DATA)DOVERLAY=08-7F      #
#                            -Z(DATA)DATA_I,DATA_Z,DATA_N=08-7F                #
#                            -U(IDATA)0-7F=(DATA)0-7F                          #
#                            -Z(IDATA)IDATA_I,IDATA_Z,IDATA_N=08-_IDATA_END    #
#                            -Z(IDATA)ISTACK+_IDATA_STACK_SIZE#08-_IDATA_END   #
#                            -Z(IDATA)IOVERLAY=08-FF                           #
#                            -Z(CODE)INTVEC=_CODE_START                        #
#                            -Z(CODE)CSTART=_CODE_START-_CODE_END              #
#                            -Z(CODE)BIT_ID,BDATA_ID,DATA_ID,IDATA_ID,IXDATA_I #
#                            D,PDATA_ID,XDATA_ID=_CODE_START-_CODE_END         #
#                            -Z(CODE)HUGE_ID=_FAR_CODE_START-_FAR_CODE_END     #
#                            -D_SLEEP_CODE_SPACE_START=(_CODE_END-7)           #
#                            -D_SLEEP_CODE_SPACE_END=(_CODE_END)               #
#                            -Z(CODE)SLEEP_CODE=_SLEEP_CODE_SPACE_START-_SLEEP #
#                            _CODE_SPACE_END                                   #
#                            -Z(CODE)BANK_RELAYS,RCODE,DIFUNCT,CODE_N,NEAR_COD #
#                            E=_CODE_START-_CODE_END                           #
#                            -P(CODE)CODE_C=_CODE_START-_CODE_END              #
#                            -P(CONST)XDATA_ROM_C=0x8000-0xFFFF                #
#                            -P(CODE)XDATA_ROM_C_FLASH=0x18000-0x1FFFF         #
#                            -QXDATA_ROM_C=XDATA_ROM_C_FLASH                   #
#                            -P(CODE)BANKED_CODE=_CODE_START-_CODE_END,[(_CODE #
#                            BANK_START+_FIRST_BANK_ADDR)-(_CODEBANK_END+_FIRS #
#                            T_BANK_ADDR)]*_NR_OF_BANKS+10000                  #
#                            -P(CODE)FAR_CODE_C,FAR_CODE_N,FAR_CODE=[_FAR_CODE #
#                            _START-_FAR_CODE_END]/10000                       #
#                            -P(CODE)HUGE_CODE_C=_FAR_CODE_START-_FAR_CODE_END #
#                            -Z(CODE)CHECKSUM#_CODE_END                        #
#                            -Z(XDATA)EXT_STACK+_EXTENDED_STACK_SIZE=_EXTENDED #
#                            _STACK_START                                      #
#                            -Z(XDATA)PSTACK+_PDATA_STACK_SIZE=_PDATA_START-_P #
#                            DATA_END                                          #
#                            -Z(XDATA)XSTACK+_XDATA_STACK_SIZE=_XDATA_START-_X #
#                            DATA_END                                          #
#                            -Z(XDATA)PDATA_Z,PDATA_I=_PDATA_START-_PDATA_END  #
#                            -P(XDATA)PDATA_N=_PDATA_START-_PDATA_END          #
#                            -Z(XDATA)IXDATA_Z,IXDATA_I=_IXDATA_START-_IXDATA_ #
#                            END                                               #
#                            -P(XDATA)IXDATA_N=_IXDATA_START-_IXDATA_END       #
#                            -Z(XDATA)XDATA_Z,XDATA_I=_XDATA_START-_XDATA_END  #
#                            -P(XDATA)XDATA_N=_XDATA_START-_XDATA_END          #
#                            -Z(XDATA)XDATA_HEAP+_XDATA_HEAP_SIZE=_XDATA_START #
#                            -_XDATA_END                                       #
#                            -Z(XDATA)FAR_Z=[_FAR_DATA_START-_FAR_DATA_END]/10 #
#                            000                                               #
#                            -Z(XDATA)FAR_I=[_FAR_DATA_START-_FAR_DATA_END]/10 #
#                            000                                               #
#                            -Z(CODE)FAR_ID=[_FAR_CODE_START-_FAR_CODE_END]/10 #
#                            000                                               #
#                            -Z(XDATA)FAR_HEAP+_FAR_HEAP_SIZE=[_FAR_DATA_START #
#                            -_FAR_DATA_END]/10000                             #
#                            -P(XDATA)FAR_N=[_FAR_DATA_START-_FAR_DATA_END]*_F #
#                            AR_DATA_NR_OF_BANKS+10000                         #
#                            -P(CONST)FAR_ROM_C=[_FAR_DATA_START-_FAR_DATA_END #
#                            ]*_FAR_DATA_NR_OF_BANKS+10000                     #
#                            -Z(XDATA)HUGE_Z,HUGE_I=_FAR_DATA_START-_FAR_DATA_ #
#                            END                                               #
#                            -P(XDATA)HUGE_N=_FAR_DATA_START-_FAR_DATA_END     #
#                            -Z(XDATA)HUGE_HEAP+_HUGE_HEAP_SIZE=_FAR_DATA_STAR #
#                            T-_FAR_DATA_END                                   #
#                            -Z(CONST)HUGE_ROM_C=_FAR_DATA_START-_FAR_DATA_END #
#                            -cx51 -D_BLENV_ADDRESS_SPACE_START=0x7E800        #
#                            -D_BLENV_ADDRESS_SPACE_END=0x7F7FF                #
#                            -Z(CODE)BLENV_ADDRESS_SPACE=_BLENV_ADDRESS_SPACE_ #
#                            START-_BLENV_ADDRESS_SPACE_END                    #
#                            -D_BANK0_START=0x00000 -D_BANK0_END=0x07FFF       #
#                            -D_BANK1_START=0x18000 -D_BANK1_END=0x1FFFF       #
#                            -D_BANK2_START=0x28000 -D_BANK2_END=0x2FFFF       #
#                            -D_BANK3_START=0x38000 -D_BANK3_END=0x3FFFF       #
#                            -D_BANK4_START=0x48000 -D_BANK4_END=0x4FFFF       #
#                            -D_BANK5_START=0x58000 -D_BANK5_END=0x5FFFF       #
#                            -D_BANK6_START=0x68000 -D_BANK6_END=0x6FFFF       #
#                            -D_BANK7_START=0x78000                            #
#                            -D_BANK7_END=(_BLENV_ADDRESS_SPACE_START-1)       #
#                            -P(CODE)BANK0=_BANK0_START-_BANK0_END             #
#                            -P(CODE)BANK1=_BANK1_START-_BANK1_END             #
#                            -P(CODE)BANK2=_BANK2_START-_BANK2_END             #
#                            -P(CODE)BANK3=_BANK3_START-_BANK3_END             #
#                            -P(CODE)BANK4=_BANK4_START-_BANK4_END             #
#                            -P(CODE)BANK5=_BANK5_START-_BANK5_END             #
#                            -P(CODE)BANK6=_BANK6_START-_BANK6_END             #
#                            -P(CODE)BANK7=_BANK7_START-_BANK7_END             #
#                            -M(CODE)[(_CODEBANK_START+_FIRST_BANK_ADDR)-(_COD #
#                            EBANK_END+_FIRST_BANK_ADDR)]*_NR_OF_BANKS+0x10000 #
#                            =0x8000                                           #
#                            -ww69=i                                           #
#                            -D_FLASH_LOCK_BITS_START=((_NR_OF_BANKS*_FIRST_BA #
#                            NK_ADDR)+0xFFF0)                                  #
#                            -D_FLASH_LOCK_BITS_END=((_NR_OF_BANKS*_FIRST_BANK #
#                            _ADDR)+0xFFFF)                                    #
#                            -Z(CODE)FLASH_LOCK_BITS=_FLASH_LOCK_BITS_START-_F #
#                            LASH_LOCK_BITS_END                                #
#                            -U(CODE)0x0000=(CODE)_FLASH_LOCK_BITS_START-_FLAS #
#                            H_LOCK_BITS_END)                                  #
#                            -D_NR_OF_VIRTUAL_REGISTERS=10 -D?PBANK=0x93       #
#                            -e?BCALL_FF=?BCALL -e?BRET_FF=?BRET               #
#                            -e?BDISPATCH_FF=?BDISPATCH                        #
#                            -e_large_write=_formatted_write                   #
#                            -e_large_read=_formatted_read -rt                 #
#                            "-Ointel-extended=D:\Texas Instruments\BLE-CC254x #
#                            -1.3.1\Projects\ble\SimpleBLEBroadcaster\CC2540DB #
#                            \CC2540\Exe\SimpleBLEBroadcaster.hex"             #
#                            -s __program_start                                #
#                            "D:\Program Files (x86)\IAR Systems\Embedded Work #
#                            bench 6.4\8051\LIB\CLIB\cl-pli-blxd-1e16x01.r51"  #
#                            -D_IDATA_STACK_SIZE=0xC0                          #
#                            -D_EXTENDED_STACK_START=0x00                      #
#                            -D_EXTENDED_STACK_SIZE=0x00                       #
#                            -D_PDATA_STACK_SIZE=0x00                          #
#                            -D_XDATA_STACK_SIZE=0x280                         #
#                            -D_XDATA_HEAP_SIZE=0xFF -D_FAR_HEAP_SIZE=0xFFF    #
#                            -D_HUGE_HEAP_SIZE=0xFFF                           #
#                            -D_FAR22_HEAP_SIZE=0xFFF                          #
#                                                                              #
#                           Copyright (C) 1987-2012 IAR Systems AB.            #
################################################################################





                ****************************************
                *                                      *
                *           CROSS REFERENCE            *
                *                                      *
                ****************************************

       Program entry at : CODE      0000011D  Relocatable, from module : CSTARTUP




                ****************************************
                *                                      *
                *            RUNTIME MODEL             *
                *                                      *
                ****************************************

  __SystemLibrary          = CLib
  __calling_convention     = xdata_reentrant
  __code_model             = banked
  __core                   = plain
  __data_model             = large
  __dptr_size              = 16
  __extended_stack         = disabled
  __location_for_constants = data
  __number_of_dptrs        = 1
  __rt_version             = 1

                ****************************************
                *                                      *
                *    AUTOMATIC SYMBOL REDIRECTIONS     *
                *                                      *
                ****************************************

                  There are no automatic symbol redirections.



                ****************************************
                *                                      *
                *              MODULE MAP              *
                *                                      *
                ****************************************


  DEFINED ABSOLUTE ENTRIES
    *************************************************************************

  DEFINED ABSOLUTE ENTRIES
  PROGRAM MODULE, NAME : ?ABS_ENTRY_MOD

Absolute parts
           ENTRY                   ADDRESS         REF BY
           =====                   =======         ======
           _FAR22_HEAP_SIZE        00000FFF 
           _HUGE_HEAP_SIZE         00000FFF 
           _FAR_HEAP_SIZE          00000FFF 
           _XDATA_HEAP_SIZE        000000FF 
           _XDATA_STACK_SIZE       00000280 
           _PDATA_STACK_SIZE       00000000 
           _EXTENDED_STACK_SIZE    00000000 
           _EXTENDED_STACK_START   00000000 
           _IDATA_STACK_SIZE       000000C0 
           ?PBANK                  00000093 
           _NR_OF_VIRTUAL_REGISTERS
                                   00000010 
           _FLASH_LOCK_BITS_END    0003FFFF 
           _FLASH_LOCK_BITS_START
                                   0003FFF0 
           _BANK7_END              0003E7FF 
           _BANK7_START            00038000 
           _BANK6_END              00037FFF 
           _BANK6_START            00030000 
           _BANK5_END              0002FFFF 
           _BANK5_START            00028000 
           _BANK4_END              00027FFF 
           _BANK4_START            00020000 
           _BANK3_END              0001FFFF 
           _BANK3_START            00018000 
           _BANK2_END              00017FFF 
           _BANK2_START            00010000 
           _BANK1_END              0000FFFF 
           _BANK1_START            00008000 
           _BANK0_END              00007FFF 
           _BANK0_START            00000000 
           _BLENV_ADDRESS_SPACE_END
                                   0003F7FF 
           _BLENV_ADDRESS_SPACE_START
                                   0003E800 
           _SLEEP_CODE_SPACE_END   00007FFF 
           _SLEEP_CODE_SPACE_START
                                   00007FF8 
           _FAR_CODE_END           00007FFF 
           _FAR_CODE_START         00000000 
           _FAR_DATA_END           00FFFFFF 
           _FAR_DATA_START         00010001 
           _FAR_DATA_NR_OF_BANKS   0000000E 
           ?VB                     00000020        ?BANKED_ENTER_XDATA (?BANKED_ENTER_XDATA)
                                                   ?BANKED_LEAVE_XDATA (?BANKED_LEAVE_XDATA)
                                                   ?FUNC_ENTER_XDATA (?FUNC_ENTER_XDATA)
                                                   ?FUNC_LEAVE_XDATA (?FUNC_LEAVE_XDATA)
                                                   ?INTERRUPT_ENTER_XSP (?INTERRUPT_ENTER_XSP)
                                                   ?INTERRUPT_LEAVE_XSP (?INTERRUPT_LEAVE_XSP)
           _BREG_START             00000000 
           ?PBANK_NUMBER           0000001E 
           _REGISTER_BANK_START    00000000 
           ?REGISTER_BANK          00000000        Segment part 6 (CSTARTUP)
           _NEAR_CODE_END          00007FFF 
           _FIRST_BANK_ADDR        00010000 
           _CODE_END               00007FFF 
           _CODE_START             00000000 
           _XDATA_END              00001EFF 
           _XDATA_START            00000001 
           _IXDATA_END             00001EFF 
           _IXDATA_START           00000001 
           _PDATA_END              00001EFF 
           _PDATA_START            00001E00 
           _IDATA_END              000000FF 
           ?CBANK                  0000009F        ?RESET_CODE_BANK (CSTARTUP)
                                                   Segment part 0 (?BANKED_CODE_SUPPORT)
           ?CBANK_MASK             000000FF 
           _CODEBANK_START         00008000 
           _CODEBANK_END           0000FFFF 
           _NR_OF_BANKS            00000007 
    *************************************************************************

  FILE NAME : D:\Texas Instruments\BLE-CC254x-1.3.1\Projects\ble\Libraries\CC2540DB\bin\CC2540_BLE_bcast.lib
  LIBRARY MODULE, NAME : gap_configmgr

  SEGMENTS IN THE MODULE
  ======================
XDATA_I
  Relative segment, address: XDATA 0000043C - 0000043C (0x1 bytes), align: 0
  Segment part 6.             Intra module refs:   GAP_ParamsInit
                                                   gapProcessRandomAddrComplete
                                                   gapSendDeviceInitDoneEvent
           ENTRY                   ADDRESS         REF BY
           =====                   =======         ======
           gapAppTaskID            0000043C 
    -------------------------------------------------------------------------
XDATA_Z
  Relative segment, address: XDATA 00000281 - 00000281 (0x1 bytes), align: 0
  Segment part 8.             Intra module refs:   GAP_ParamsInit
           ENTRY                   ADDRESS         REF BY
           =====                   =======         ======
           gapProfileRole          00000281        GAP_MakeDiscoverable (gap_peridevmgr)
                                                   GAP_PeriDevMgrInit (gap_peridevmgr)
                                                   GAP_UpdateAdvertisingData (gap_peridevmgr)
                                                   gapProcessAdvertisingEvt (gap_peridevmgr)
    -------------------------------------------------------------------------
XDATA_Z
  Relative segment, address: XDATA 00000282 - 00000282 (0x1 bytes), align: 0
  Segment part 9.             Intra module refs:   gapProcessRandomAddrComplete
           ENTRY                   ADDRESS         REF BY
           =====                   =======         ======
           gapDeviceAddrMode       00000282        GAP_MakeDiscoverable (gap_peridevmgr)
                                                   gapSetAdvParams (gap_peridevmgr)
    -------------------------------------------------------------------------
XDATA_Z
  Relative segment, address: XDATA 00000283 - 00000284 (0x2 bytes), align: 0
  Segment part 10.
           ENTRY                   ADDRESS         REF BY
           =====                   =======         ======
           gapPrivateAddrChangeTimeout
                                   00000283        GAP_EndDiscoverable (gap_peridevmgr)
                                                   GAP_MakeDiscoverable (gap_peridevmgr)
    -------------------------------------------------------------------------
XDATA_Z
  Relative segment, address: XDATA 00000285 - 00000285 (0x1 bytes), align: 0
  Segment part 11.            Intra module refs:   gapProcessRandomAddrComplete
           ENTRY                   ADDRESS         REF BY
           =====                   =======         ======
           gapAutoAdvPrivateAddrChange
                                   00000285        gapProcessAdvertisingEvt (gap_peridevmgr)
                                                   gapWriteAdvEnableStatus (gap_peridevmgr)
    -------------------------------------------------------------------------
XDATA_Z
  Relative segment, address: XDATA 00000286 - 00000295 (0x10 bytes), align: 0
  Segment part 12.            Intra module refs:   GAP_ParamsInit
                                                   gapReadBD_ADDRStatus
                                                   gapReadBufSizeCmdStatus
                                                   gapSendDeviceInitDoneEvent
    -------------------------------------------------------------------------
XDATA_I
  Relative segment, address: XDATA 0000043D - 00000484 (0x48 bytes), align: 0
  Segment part 13.            Intra module refs:   Segment part 22
    -------------------------------------------------------------------------
XDATA_Z
  Relative segment, address: XDATA 00000296 - 0000029B (0x6 bytes), align: 0
  Segment part 15.            Intra module refs:   gapProcessRandomAddrComplete
    -------------------------------------------------------------------------
<BANKED_CODE,CODE_C> 1 (was BANKED_CODE)
  Relative segment, address: CODE 00005001 - 00005028 (0x28 bytes), align: 0
  Segment part 18.            Intra module refs:   GAP_SetParamValue::?relay
           ENTRY                   ADDRESS         REF BY
           =====                   =======         ======
           GAP_SetParamValue       00005001 
               ISTACK = 00000000 ( 00000002 )
    -------------------------------------------------------------------------
<BANKED_CODE,CODE_C> 1 (was BANKED_CODE)
  Relative segment, address: CODE 00005029 - 00005044 (0x1c bytes), align: 0
  Segment part 20.            Intra module refs:   GAP_GetParamValue::?relay
           ENTRY                   ADDRESS         REF BY
           =====                   =======         ======
           GAP_GetParamValue       00005029 
               XSTACK = 00000014 ( 00000000 )
               ISTACK = 00000000 ( 00000002 )
    -------------------------------------------------------------------------
<BANKED_CODE,CODE_C> 1 (was BANKED_CODE)
  Relative segment, address: CODE 00005045 - 00005056 (0x12 bytes), align: 0
  Segment part 22.            Intra module refs:   GAP_GetParamValue
                                                   GAP_SetParamValue
    -------------------------------------------------------------------------
<BANKED_CODE,CODE_C> 1 (was BANKED_CODE)
  Relative segment, address: CODE 00005057 - 00005088 (0x32 bytes), align: 0
  Segment part 23.            Intra module refs:   GAP_ParamsInit::?relay
           ENTRY                   ADDRESS         REF BY
           =====                   =======         ======
           GAP_ParamsInit          00005057 
               calls direct
               XSTACK = 00000000 ( 00000009 )
    -------------------------------------------------------------------------
<BANKED_CODE,CODE_C> 1 (was BANKED_CODE)
  Relative segment, address: CODE 00005089 - 0000508D (0x5 bytes), align: 0
  Segment part 25.            Intra module refs:   GAP_ParamsInit
                                                   gapReadBufSizeCmdStatus
    -------------------------------------------------------------------------
<BANKED_CODE,CODE_C> 1 (was BANKED_CODE)
  Relative segment, address: CODE 0000508E - 00005093 (0x6 bytes), align: 0
  Segment part 31.            Intra module refs:   GAP_GetParamValue
    -------------------------------------------------------------------------
<BANKED_CODE,CODE_C> 1 (was BANKED_CODE)
  Relative segment, address: CODE 00005094 - 000050D7 (0x44 bytes), align: 0
  Segment part 32.            Intra module refs:   gapReadBD_ADDRStatus::?relay
           ENTRY                   ADDRESS         REF BY
           =====                   =======         ======
           gapReadBD_ADDRStatus    00005094 
               calls direct
               XSTACK = 00000000 ( 0000000C )
    -------------------------------------------------------------------------
<BANKED_CODE,CODE_C> 1 (was BANKED_CODE)
  Relative segment, address: CODE 000050D8 - 000050DC (0x5 bytes), align: 0
  Segment part 34.            Intra module refs:   gapReadBD_ADDRStatus
    -------------------------------------------------------------------------
<BANKED_CODE,CODE_C> 1 (was BANKED_CODE)
  Relative segment, address: CODE 000050DD - 00005127 (0x4b bytes), align: 0
  Segment part 35.            Intra module refs:   gapReadBufSizeCmdStatus::?relay
           ENTRY                   ADDRESS         REF BY
           =====                   =======         ======
           gapReadBufSizeCmdStatus
                                   000050DD 
               calls direct
               XSTACK = 00000000 ( 00000009 )
    -------------------------------------------------------------------------
<BANKED_CODE,CODE_C> 1 (was BANKED_CODE)
  Relative segment, address: CODE 00005128 - 0000515A (0x33 bytes), align: 0
  Segment part 39.            Intra module refs:   gapAddAddrAdj::?relay
           ENTRY                   ADDRESS         REF BY
           =====                   =======         ======
           gapAddAddrAdj           00005128 
               XSTACK = 0000000A ( 00000000 )
               ISTACK = 00000000 ( 00000002 )
    -------------------------------------------------------------------------
<BANKED_CODE,CODE_C> 1 (was BANKED_CODE)
  Relative segment, address: CODE 0000515B - 00005161 (0x7 bytes), align: 0
  Segment part 42.            Intra module refs:   GAP_GetParamValue
                                                   GAP_SetParamValue
                                                   gapAddAddrAdj
    -------------------------------------------------------------------------
<BANKED_CODE,CODE_C> 1 (was BANKED_CODE)
  Relative segment, address: CODE 00005162 - 000051EA (0x89 bytes), align: 0
  Segment part 45.            Intra module refs:   gapProcessRandomAddrComplete::?relay
           ENTRY                   ADDRESS         REF BY
           =====                   =======         ======
           gapProcessRandomAddrComplete
                                   00005162 
               calls direct
               XSTACK = 00000000 ( 00000010 )
               ISTACK = 00000000 ( 00000001 )
    -------------------------------------------------------------------------
<BANKED_CODE,CODE_C> 1 (was BANKED_CODE)
  Relative segment, address: CODE 000051EB - 000051EF (0x5 bytes), align: 0
  Segment part 47.            Intra module refs:   gapProcessRandomAddrComplete
                                                   gapSendDeviceInitDoneEvent
    -------------------------------------------------------------------------
<BANKED_CODE,CODE_C> 1 (was BANKED_CODE)
  Relative segment, address: CODE 000051F0 - 000051F0 (0x1 bytes), align: 0
  Segment part 48.            Intra module refs:   gapProcessRandomAddrComplete
                                                   gapReadBufSizeCmdStatus
    -------------------------------------------------------------------------
<BANKED_CODE,CODE_C> 1 (was BANKED_CODE)
  Relative segment, address: CODE 000051F1 - 000051F6 (0x6 bytes), align: 0
  Segment part 49.            Intra module refs:   Segment part 48
                                                   gapProcessRandomAddrComplete
                                                   gapSendDeviceInitDoneEvent
    -------------------------------------------------------------------------
<BANKED_CODE,CODE_C> 1 (was BANKED_CODE)
  Relative segment, address: CODE 000051F7 - 00005200 (0xa bytes), align: 0
  Segment part 50.            Intra module refs:   gapProcessRandomAddrComplete
                                                   gapSendDeviceInitDoneEvent
    -------------------------------------------------------------------------
<BANKED_CODE,CODE_C> 1 (was BANKED_CODE)
  Relative segment, address: CODE 00005201 - 00005208 (0x8 bytes), align: 0
  Segment part 51.            Intra module refs:   Segment part 50
    -------------------------------------------------------------------------
<BANKED_CODE,CODE_C> 1 (was BANKED_CODE)
  Relative segment, address: CODE 00005209 - 00005276 (0x6e bytes), align: 0
  Segment part 67.            Intra module refs:   gapSendDeviceInitDoneEvent::?relay
           LOCAL                   ADDRESS         
           =====                   =======         
           gapSendDeviceInitDoneEvent
                                   00005209 
               calls direct
               XSTACK = 0000000A ( 0000000E )
               ISTACK = 00000000 ( 00000001 )
    -------------------------------------------------------------------------
<BANKED_CODE,CODE_C> 1 (was BANKED_CODE)
  Relative segment, address: CODE 00005277 - 00005286 (0x10 bytes), align: 0
  Segment part 69.            Intra module refs:   gapProcessRandomAddrComplete
                                                   gapSendDeviceInitDoneEvent
    -------------------------------------------------------------------------
<BANKED_CODE,CODE_C> 1 (was BANKED_CODE)
  Relative segment, address: CODE 00005287 - 0000528A (0x4 bytes), align: 0
  Segment part 72.            Intra module refs:   gapProcessRandomAddrComplete
    -------------------------------------------------------------------------
<BANKED_CODE,CODE_C> 1 (was BANKED_CODE)
  Relative segment, address: CODE 0000528B - 0000528B (0x1 bytes), align: 0
  Segment part 73.            Intra module refs:   Segment part 72
                                                   gapSendDeviceInitDoneEvent
    -------------------------------------------------------------------------
<BANKED_CODE,CODE_C> 1 (was BANKED_CODE)
  Relative segment, address: CODE 0000528C - 0000528E (0x3 bytes), align: 0
  Segment part 74.            Intra module refs:   Segment part 73
    -------------------------------------------------------------------------
<BANKED_CODE,CODE_C> 1 (was BANKED_CODE)
  Relative segment, address: CODE 0000528F - 00005294 (0x6 bytes), align: 0
  Segment part 75.            Intra module refs:   Segment part 74
                                                   gapReadBD_ADDRStatus
    -------------------------------------------------------------------------
<BANKED_CODE,CODE_C> 1 (was BANKED_CODE)
  Relative segment, address: CODE 00005295 - 0000529D (0x9 bytes), align: 0
  Segment part 76.            Intra module refs:   gapReadBufSizeCmdStatus
    -------------------------------------------------------------------------
XDATA_ID
  Relative segment, address: CODE 0000014E - 0000014E (0x1 bytes), align: 0
  Segment part 7.             Intra module refs:   gapAppTaskID
    -------------------------------------------------------------------------
XDATA_ID
  Relative segment, address: CODE 0000014F - 00000196 (0x48 bytes), align: 0
  Segment part 14.            Intra module refs:   Segment part 13
    -------------------------------------------------------------------------
<XDATA_ROM_C> 1 (was XDATA_ROM_C)
  Relative segment, address: CONST 00008E9D - 00008EA0 (0x4 bytes), align: 0
  Segment part 16.            Intra module refs:   GAP_MakeDiscoverable (gap_peridevmgr)
                                                   gapProcessRandomAddrComplete
                                                   gapWriteAdvEnableStatus (gap_peridevmgr)
           ENTRY                   ADDRESS         REF BY
           =====                   =======         ======
           __Constant_ea60         00008E9D 
    -------------------------------------------------------------------------
<XDATA_ROM_C> 1 (was XDATA_ROM_C)
  Relative segment, address: CONST 00008EA9 - 00008EAC (0x4 bytes), align: 0
  Segment part 17.            Intra module refs:   LL_TimeToNextRfEvent (ll_sleep)
           ENTRY                   ADDRESS         REF BY
           =====                   =======         ======
           __Constant_1            00008EA9 
    -------------------------------------------------------------------------
BANK_RELAYS
  Relative segment, address: CODE 00000205 - 0000020A (0x6 bytes), align: 0
  Segment part 19.
           ENTRY                   ADDRESS         REF BY
           =====                   =======         ======
           GAP_SetParamValue::?relay
                                   00000205        GAPRole_SetParameter (broadcaster)
                                                   SimpleBLEBroadcaster_Init (simpleBLEBroadcaster)
    -------------------------------------------------------------------------
BANK_RELAYS
  Relative segment, address: CODE 0000020B - 00000210 (0x6 bytes), align: 0
  Segment part 21.
           ENTRY                   ADDRESS         REF BY
           =====                   =======         ======
           GAP_GetParamValue::?relay
                                   0000020B        GAPRole_GetParameter (broadcaster)
                                                   GAP_MakeDiscoverable (gap_peridevmgr)
                                                   Segment part 40 (gap_peridevmgr)
                                                   Segment part 46 (gap_peridevmgr)
                                                   gapSetAdvParams (gap_peridevmgr)
    -------------------------------------------------------------------------
BANK_RELAYS
  Relative segment, address: CODE 00000211 - 00000216 (0x6 bytes), align: 0
  Segment part 24.
           ENTRY                   ADDRESS         REF BY
           =====                   =======         ======
           GAP_ParamsInit::?relay
                                   00000211        GAP_DeviceInit (gap)
    -------------------------------------------------------------------------
BANK_RELAYS
  Relative segment, address: CODE 00000217 - 0000021C (0x6 bytes), align: 0
  Segment part 33.
           ENTRY                   ADDRESS         REF BY
           =====                   =======         ======
           gapReadBD_ADDRStatus::?relay
                                   00000217        gapProcessHCICmdCompleteEvt (gap_simpletask)
    -------------------------------------------------------------------------
BANK_RELAYS
  Relative segment, address: CODE 0000021D - 00000222 (0x6 bytes), align: 0
  Segment part 36.
           ENTRY                   ADDRESS         REF BY
           =====                   =======         ======
           gapReadBufSizeCmdStatus::?relay
                                   0000021D        gapProcessHCICmdCompleteEvt (gap_simpletask)
    -------------------------------------------------------------------------
BANK_RELAYS
  Relative segment, address: CODE 00000223 - 00000228 (0x6 bytes), align: 0
  Segment part 40.
           ENTRY                   ADDRESS         REF BY
           =====                   =======         ======
           gapAddAddrAdj::?relay   00000223        gapSetAdvParams (gap_peridevmgr)
    -------------------------------------------------------------------------
BANK_RELAYS
  Relative segment, address: CODE 00000229 - 0000022E (0x6 bytes), align: 0
  Segment part 46.
           ENTRY                   ADDRESS         REF BY
           =====                   =======         ======
           gapProcessRandomAddrComplete::?relay
                                   00000229        gapProcessHCICmdCompleteEvt (gap_simpletask)
    -------------------------------------------------------------------------
BANK_RELAYS
  Relative segment, address: CODE 0000022F - 00000234 (0x6 bytes), align: 0
  Segment part 68.            Intra module refs:   gapReadBD_ADDRStatus
                                                   gapReadBufSizeCmdStatus
           LOCAL                   ADDRESS         
           =====                   =======         
           gapSendDeviceInitDoneEvent::?relay
                                   0000022F 
    -------------------------------------------------------------------------
<XDATA_ROM_C_FLASH> 1 (was XDATA_ROM_C_FLASH)
  Relative segment, address: CODE 00008E9D - 00008EA0 (0x4 bytes), align: 0
  Segment part 77.            Intra module refs:   __Constant_ea60
    -------------------------------------------------------------------------
<XDATA_ROM_C_FLASH> 1 (was XDATA_ROM_C_FLASH)
  Relative segment, address: CODE 00008EA9 - 00008EAC (0x4 bytes), align: 0
  Segment part 78.            Intra module refs:   __Constant_1

    -------------------------------------------------------------------------
  LIBRARY MODULE, NAME : gap_devmgr

  SEGMENTS IN THE MODULE
  ======================
XDATA_Z
  Relative segment, address: XDATA 0000029C - 0000029D (0x2 bytes), align: 0
  Segment part 7.
           ENTRY                   ADDRESS         REF BY
           =====                   =======         ======
           pGapAdvertState         0000029C        GAP_MakeDiscoverable (gap_peridevmgr)
                                                   Segment part 41 (gap_peridevmgr)
                                                   Segment part 48 (gap_peridevmgr)
                                                   Segment part 87 (gap_peridevmgr)
                                                   Segment part 99 (gap_peridevmgr)
                                                   gapFreeAdvertState (gap_peridevmgr)
                                                   gapSetAdvParams (gap_peridevmgr)
    -------------------------------------------------------------------------
<BANKED_CODE,CODE_C> 1 (was BANKED_CODE)
  Relative segment, address: CODE 000063A9 - 000063C0 (0x18 bytes), align: 0
  Segment part 15.            Intra module refs:   gapValidADType::?relay
           ENTRY                   ADDRESS         REF BY
           =====                   =======         ======
           gapValidADType          000063A9 
               XSTACK = 00000012 ( 00000000 )
    -------------------------------------------------------------------------
<BANKED_CODE,CODE_C> 1 (was BANKED_CODE)
  Relative segment, address: CODE 000063C1 - 00006459 (0x99 bytes), align: 0
  Segment part 17.            Intra module refs:   gapFindADType::?relay
           ENTRY                   ADDRESS         REF BY
           =====                   =======         ======
           gapFindADType           000063C1 
               calls direct
               XSTACK = 00000002 ( 00000012 )
               ISTACK = 00000000 ( 00000001 )
    -------------------------------------------------------------------------
BANK_RELAYS
  Relative segment, address: CODE 00000235 - 0000023A (0x6 bytes), align: 0
  Segment part 16.            Intra module refs:   gapFindADType
           ENTRY                   ADDRESS         REF BY
           =====                   =======         ======
           gapValidADType::?relay
                                   00000235 
    -------------------------------------------------------------------------
BANK_RELAYS
  Relative segment, address: CODE 0000023B - 00000240 (0x6 bytes), align: 0
  Segment part 18.
           ENTRY                   ADDRESS         REF BY
           =====                   =======         ======
           gapFindADType::?relay   0000023B        isLimitedDiscoverableMode (gap_peridevmgr)

    -------------------------------------------------------------------------
  LIBRARY MODULE, NAME : gap_peridevmgr

  SEGMENTS IN THE MODULE
  ======================
XDATA_I
  Relative segment, address: XDATA 00000485 - 00000485 (0x1 bytes), align: 0
  Segment part 6.             Intra module refs:   GAP_UpdateAdvertisingData
                                                   gapWriteAdvDataStatus
    -------------------------------------------------------------------------
XDATA_Z
  Relative segment, address: XDATA 0000029E - 0000029F (0x2 bytes), align: 0
  Segment part 9.             Intra module refs:   GAP_MakeDiscoverable
                                                   GAP_PeriDevMgrInit
                                                   GAP_UpdateAdvertisingData
                                                   Segment part 35
                                                   Segment part 76
                                                   isLimitedDiscoverableMode
    -------------------------------------------------------------------------
XDATA_Z
  Relative segment, address: XDATA 000002A0 - 000002A1 (0x2 bytes), align: 0
  Segment part 10.            Intra module refs:   GAP_PeriDevMgrInit
                                                   GAP_UpdateAdvertisingData
                                                   Segment part 75
    -------------------------------------------------------------------------
XDATA_Z
  Relative segment, address: XDATA 000002A2 - 000002A3 (0x2 bytes), align: 0
  Segment part 11.            Intra module refs:   Segment part 58
                                                   gapProcessAdvertisingEvt
                                                   gapWriteAdvEnableStatus
    -------------------------------------------------------------------------
XDATA_I
  Relative segment, address: XDATA 00000486 - 0000048B (0x6 bytes), align: 0
  Segment part 12.            Intra module refs:   GAP_PeriDevMgrInit
    -------------------------------------------------------------------------
<BANKED_CODE,CODE_C> 1 (was BANKED_CODE)
  Relative segment, address: CODE 000013D0 - 000014A1 (0xd2 bytes), align: 0
  Segment part 16.            Intra module refs:   GAP_MakeDiscoverable::?relay
           ENTRY                   ADDRESS         REF BY
           =====                   =======         ======
           GAP_MakeDiscoverable    000013D0 
               calls direct
               XSTACK = 00000000 ( 00000010 )
               ISTACK = 00000000 ( 00000001 )
    -------------------------------------------------------------------------
<BANKED_CODE,CODE_C> 1 (was BANKED_CODE)
  Relative segment, address: CODE 000014A2 - 0000154A (0xa9 bytes), align: 0
  Segment part 18.            Intra module refs:   GAP_UpdateAdvertisingData::?relay
           ENTRY                   ADDRESS         REF BY
           =====                   =======         ======
           GAP_UpdateAdvertisingData
                                   000014A2 
               calls direct
               XSTACK = 00000000 ( 00000014 )
               ISTACK = 00000000 ( 00000001 )
    -------------------------------------------------------------------------
<BANKED_CODE,CODE_C> 1 (was BANKED_CODE)
  Relative segment, address: CODE 0000154B - 00001586 (0x3c bytes), align: 0
  Segment part 20.            Intra module refs:   GAP_EndDiscoverable::?relay
           ENTRY                   ADDRESS         REF BY
           =====                   =======         ======
           GAP_EndDiscoverable     0000154B 
               calls direct
               XSTACK = 0000000C ( 00000009 )
    -------------------------------------------------------------------------
<BANKED_CODE,CODE_C> 1 (was BANKED_CODE)
  Relative segment, address: CODE 00001587 - 0000158D (0x7 bytes), align: 0
  Segment part 31.            Intra module refs:   gapFreeAdvertState
    -------------------------------------------------------------------------
<BANKED_CODE,CODE_C> 1 (was BANKED_CODE)
  Relative segment, address: CODE 0000158E - 00001607 (0x7a bytes), align: 0
  Segment part 32.            Intra module refs:   GAP_PeriDevMgrInit::?relay
           ENTRY                   ADDRESS         REF BY
           =====                   =======         ======
           GAP_PeriDevMgrInit      0000158E 
               calls direct
               XSTACK = 00000000 ( 00000009 )
    -------------------------------------------------------------------------
<BANKED_CODE,CODE_C> 1 (was BANKED_CODE)
  Relative segment, address: CODE 00001608 - 0000160C (0x5 bytes), align: 0
  Segment part 34.            Intra module refs:   GAP_EndDiscoverable
                                                   GAP_PeriDevMgrInit
                                                   gapSetAdvParamsStatus
    -------------------------------------------------------------------------
<BANKED_CODE,CODE_C> 1 (was BANKED_CODE)
  Relative segment, address: CODE 0000160D - 0000161A (0xe bytes), align: 0
  Segment part 35.            Intra module refs:   GAP_PeriDevMgrInit
    -------------------------------------------------------------------------
<BANKED_CODE,CODE_C> 1 (was BANKED_CODE)
  Relative segment, address: CODE 0000161B - 000016A6 (0x8c bytes), align: 0
  Segment part 36.            Intra module refs:   gapPeriProcessHCICmdCompleteEvt::?relay
           LOCAL                   ADDRESS         
           =====                   =======         
           gapPeriProcessHCICmdCompleteEvt
                                   0000161B 
               calls direct, is indirectly called
               XSTACK = 00000000 ( 0000000A )
    -------------------------------------------------------------------------
<BANKED_CODE,CODE_C> 1 (was BANKED_CODE)
  Relative segment, address: CODE 000016A7 - 0000176C (0xc6 bytes), align: 0
  Segment part 38.            Intra module refs:   gapSetAdvParams::?relay
           ENTRY                   ADDRESS         REF BY
           =====                   =======         ======
           gapSetAdvParams         000016A7 
               calls direct, is indirectly called
               XSTACK = 0000000C ( 00000014 )
    -------------------------------------------------------------------------
<BANKED_CODE,CODE_C> 1 (was BANKED_CODE)
  Relative segment, address: CODE 0000176D - 0000177A (0xe bytes), align: 0
  Segment part 40.            Intra module refs:   gapSetAdvParams
    -------------------------------------------------------------------------
<BANKED_CODE,CODE_C> 1 (was BANKED_CODE)
  Relative segment, address: CODE 0000177B - 00001787 (0xd bytes), align: 0
  Segment part 41.            Intra module refs:   gapSetAdvParams
    -------------------------------------------------------------------------
<BANKED_CODE,CODE_C> 1 (was BANKED_CODE)
  Relative segment, address: CODE 00001788 - 000017B6 (0x2f bytes), align: 0
  Segment part 42.            Intra module refs:   gapSetAdvParamsStatus::?relay
           ENTRY                   ADDRESS         REF BY
           =====                   =======         ======
           gapSetAdvParamsStatus   00001788 
               calls direct
               XSTACK = 0000000A ( 00000009 )
    -------------------------------------------------------------------------
<BANKED_CODE,CODE_C> 1 (was BANKED_CODE)
  Relative segment, address: CODE 000017B7 - 00001891 (0xdb bytes), align: 0
  Segment part 44.            Intra module refs:   gapWriteAdvEnableStatus::?relay
           ENTRY                   ADDRESS         REF BY
           =====                   =======         ======
           gapWriteAdvEnableStatus
                                   000017B7 
               calls direct
               XSTACK = 0000000A ( 00000018 )
               ISTACK = 00000000 ( 00000001 )
    -------------------------------------------------------------------------
<BANKED_CODE,CODE_C> 1 (was BANKED_CODE)
  Relative segment, address: CODE 00001892 - 000018A0 (0xf bytes), align: 0
  Segment part 46.            Intra module refs:   gapWriteAdvEnableStatus
    -------------------------------------------------------------------------
<BANKED_CODE,CODE_C> 1 (was BANKED_CODE)
  Relative segment, address: CODE 000018A1 - 000018A1 (0x1 bytes), align: 0
  Segment part 47.            Intra module refs:   GAP_EndDiscoverable
                                                   GAP_MakeDiscoverable
    -------------------------------------------------------------------------
<BANKED_CODE,CODE_C> 1 (was BANKED_CODE)
  Relative segment, address: CODE 000018A2 - 000018A7 (0x6 bytes), align: 0
  Segment part 48.            Intra module refs:   Segment part 47
                                                   gapWriteAdvEnableStatus
    -------------------------------------------------------------------------
<BANKED_CODE,CODE_C> 1 (was BANKED_CODE)
  Relative segment, address: CODE 000018A8 - 000018AC (0x5 bytes), align: 0
  Segment part 49.            Intra module refs:   Segment part 48
                                                   gapSetAdvParams
                                                   gapSetAdvParamsStatus
                                                   gapWriteAdvEnableStatus
    -------------------------------------------------------------------------
<BANKED_CODE,CODE_C> 1 (was BANKED_CODE)
  Relative segment, address: CODE 000018AD - 000018B2 (0x6 bytes), align: 0
  Segment part 50.            Intra module refs:   GAP_MakeDiscoverable
                                                   Segment part 41
                                                   Segment part 49
                                                   Segment part 96
    -------------------------------------------------------------------------
<BANKED_CODE,CODE_C> 1 (was BANKED_CODE)
  Relative segment, address: CODE 000018B3 - 000018ED (0x3b bytes), align: 0
  Segment part 51.            Intra module refs:   gapWriteAdvDataStatus::?relay
           ENTRY                   ADDRESS         REF BY
           =====                   =======         ======
           gapWriteAdvDataStatus   000018B3 
               calls direct
               XSTACK = 0000000A ( 0000000A )
               ISTACK = 00000000 ( 00000001 )
    -------------------------------------------------------------------------
<BANKED_CODE,CODE_C> 1 (was BANKED_CODE)
  Relative segment, address: CODE 000018EE - 000018F2 (0x5 bytes), align: 0
  Segment part 53.            Intra module refs:   gapPeriProcessHCICmdCompleteEvt
                                                   gapWriteAdvDataStatus
                                                   isLimitedDiscoverableMode
    -------------------------------------------------------------------------
<BANKED_CODE,CODE_C> 1 (was BANKED_CODE)
  Relative segment, address: CODE 000018F3 - 000018FA (0x8 bytes), align: 0
  Segment part 54.            Intra module refs:   gapSendMakeDiscEvent
                                                   gapWriteAdvDataStatus
                                                   gapWriteAdvEnableStatus
    -------------------------------------------------------------------------
<BANKED_CODE,CODE_C> 1 (was BANKED_CODE)
  Relative segment, address: CODE 000018FB - 00001998 (0x9e bytes), align: 0
  Segment part 55.            Intra module refs:   gapProcessAdvertisingEvt::?relay
           LOCAL                   ADDRESS         
           =====                   =======         
           gapProcessAdvertisingEvt
                                   000018FB 
               calls direct, is indirectly called
               XSTACK = 00000000 ( 00000010 )
    -------------------------------------------------------------------------
<BANKED_CODE,CODE_C> 1 (was BANKED_CODE)
  Relative segment, address: CODE 00001999 - 000019A0 (0x8 bytes), align: 0
  Segment part 57.            Intra module refs:   GAP_EndDiscoverable
                                                   gapProcessAdvertisingEvt
    -------------------------------------------------------------------------
<BANKED_CODE,CODE_C> 1 (was BANKED_CODE)
  Relative segment, address: CODE 000019A1 - 000019B0 (0x10 bytes), align: 0
  Segment part 58.            Intra module refs:   Segment part 57
                                                   gapProcessAdvertisingEvt
    -------------------------------------------------------------------------
<BANKED_CODE,CODE_C> 1 (was BANKED_CODE)
  Relative segment, address: CODE 000019B1 - 000019B5 (0x5 bytes), align: 0
  Segment part 61.            Intra module refs:   GAP_MakeDiscoverable
                                                   gapProcessAdvertisingEvt
                                                   gapSendMakeDiscEvent
    -------------------------------------------------------------------------
<BANKED_CODE,CODE_C> 1 (was BANKED_CODE)
  Relative segment, address: CODE 000019B6 - 000019BE (0x9 bytes), align: 0
  Segment part 64.            Intra module refs:   gapSetAdvParams
    -------------------------------------------------------------------------
<BANKED_CODE,CODE_C> 1 (was BANKED_CODE)
  Relative segment, address: CODE 000019BF - 000019C4 (0x6 bytes), align: 0
  Segment part 72.            Intra module refs:   Segment part 100
                                                   gapPeriProcessHCICmdCompleteEvt
    -------------------------------------------------------------------------
<BANKED_CODE,CODE_C> 1 (was BANKED_CODE)
  Relative segment, address: CODE 000019C5 - 000019CD (0x9 bytes), align: 0
  Segment part 73.            Intra module refs:   GAP_MakeDiscoverable
    -------------------------------------------------------------------------
<BANKED_CODE,CODE_C> 1 (was BANKED_CODE)
  Relative segment, address: CODE 000019CE - 000019DD (0x10 bytes), align: 0
  Segment part 75.            Intra module refs:   GAP_PeriDevMgrInit
    -------------------------------------------------------------------------
<BANKED_CODE,CODE_C> 1 (was BANKED_CODE)
  Relative segment, address: CODE 000019DE - 000019ED (0x10 bytes), align: 0
  Segment part 76.            Intra module refs:   GAP_PeriDevMgrInit
    -------------------------------------------------------------------------
<BANKED_CODE,CODE_C> 1 (was BANKED_CODE)
  Relative segment, address: CODE 000019EE - 000019F1 (0x4 bytes), align: 0
  Segment part 81.            Intra module refs:   gapPeriProcessHCICmdCompleteEvt
    -------------------------------------------------------------------------
<BANKED_CODE,CODE_C> 1 (was BANKED_CODE)
  Relative segment, address: CODE 000019F2 - 000019FC (0xb bytes), align: 0
  Segment part 82.            Intra module refs:   Segment part 81
                                                   Segment part 87
    -------------------------------------------------------------------------
<BANKED_CODE,CODE_C> 1 (was BANKED_CODE)
  Relative segment, address: CODE 000019FD - 00001A35 (0x39 bytes), align: 0
  Segment part 85.            Intra module refs:   gapSendMakeDiscEvent::?relay
           LOCAL                   ADDRESS         
           =====                   =======         
           gapSendMakeDiscEvent    000019FD 
               calls direct
               XSTACK = 00000014 ( 0000000C )
               ISTACK = 00000000 ( 00000001 )
    -------------------------------------------------------------------------
<BANKED_CODE,CODE_C> 1 (was BANKED_CODE)
  Relative segment, address: CODE 00001A36 - 00001A40 (0xb bytes), align: 0
  Segment part 87.            Intra module refs:   gapSendMakeDiscEvent
                                                   gapWriteAdvEnableStatus
    -------------------------------------------------------------------------
<BANKED_CODE,CODE_C> 1 (was BANKED_CODE)
  Relative segment, address: CODE 00001A41 - 00001A59 (0x19 bytes), align: 0
  Segment part 88.            Intra module refs:   gapFreeAdvertState::?relay
           LOCAL                   ADDRESS         
           =====                   =======         
           gapFreeAdvertState      00001A41 
               calls direct
               XSTACK = 00000014 ( 00000000 )
               ISTACK = 00000000 ( 00000002 )
    -------------------------------------------------------------------------
<BANKED_CODE,CODE_C> 1 (was BANKED_CODE)
  Relative segment, address: CODE 00001A5A - 00001A5D (0x4 bytes), align: 0
  Segment part 90.            Intra module refs:   GAP_PeriDevMgrInit
                                                   gapFreeAdvertState
    -------------------------------------------------------------------------
<BANKED_CODE,CODE_C> 1 (was BANKED_CODE)
  Relative segment, address: CODE 00001A5E - 00001A66 (0x9 bytes), align: 0
  Segment part 91.            Intra module refs:   Segment part 35
                                                   Segment part 90
    -------------------------------------------------------------------------
<BANKED_CODE,CODE_C> 1 (was BANKED_CODE)
  Relative segment, address: CODE 00001A67 - 00001AC2 (0x5c bytes), align: 0
  Segment part 92.            Intra module refs:   isLimitedDiscoverableMode::?relay
           LOCAL                   ADDRESS         
           =====                   =======         
           isLimitedDiscoverableMode
                                   00001A67 
               calls direct
               XSTACK = 00000014 ( 0000000D )
    -------------------------------------------------------------------------
<BANKED_CODE,CODE_C> 1 (was BANKED_CODE)
  Relative segment, address: CODE 00001AC3 - 00001AC4 (0x2 bytes), align: 0
  Segment part 94.            Intra module refs:   gapPeriProcessHCICmdCompleteEvt
    -------------------------------------------------------------------------
<BANKED_CODE,CODE_C> 1 (was BANKED_CODE)
  Relative segment, address: CODE 00001AC5 - 00001AC7 (0x3 bytes), align: 0
  Segment part 95.            Intra module refs:   Segment part 94
                                                   isLimitedDiscoverableMode
    -------------------------------------------------------------------------
<BANKED_CODE,CODE_C> 1 (was BANKED_CODE)
  Relative segment, address: CODE 00001AC8 - 00001ACC (0x5 bytes), align: 0
  Segment part 96.            Intra module refs:   GAP_EndDiscoverable
                                                   GAP_MakeDiscoverable
                                                   Segment part 95
                                                   gapProcessAdvertisingEvt
    -------------------------------------------------------------------------
<BANKED_CODE,CODE_C> 1 (was BANKED_CODE)
  Relative segment, address: CODE 00001ACD - 00001ACE (0x2 bytes), align: 0
  Segment part 97.            Intra module refs:   GAP_MakeDiscoverable
                                                   gapSendMakeDiscEvent
    -------------------------------------------------------------------------
<BANKED_CODE,CODE_C> 1 (was BANKED_CODE)
  Relative segment, address: CODE 00001ACF - 00001AD2 (0x4 bytes), align: 0
  Segment part 98.            Intra module refs:   Segment part 97
                                                   gapWriteAdvEnableStatus
    -------------------------------------------------------------------------
<BANKED_CODE,CODE_C> 1 (was BANKED_CODE)
  Relative segment, address: CODE 00001AD3 - 00001AD5 (0x3 bytes), align: 0
  Segment part 99.            Intra module refs:   GAP_EndDiscoverable
                                                   GAP_MakeDiscoverable
                                                   Segment part 98
                                                   gapFreeAdvertState
                                                   gapProcessAdvertisingEvt
                                                   gapSetAdvParams
                                                   gapSetAdvParamsStatus
    -------------------------------------------------------------------------
<BANKED_CODE,CODE_C> 1 (was BANKED_CODE)
  Relative segment, address: CODE 00001AD6 - 00001ADB (0x6 bytes), align: 0
  Segment part 100.           Intra module refs:   GAP_MakeDiscoverable
                                                   GAP_PeriDevMgrInit
                                                   GAP_UpdateAdvertisingData
                                                   Segment part 99
                                                   gapProcessAdvertisingEvt
                                                   isLimitedDiscoverableMode
    -------------------------------------------------------------------------
XDATA_ID
  Relative segment, address: CODE 00000197 - 00000197 (0x1 bytes), align: 0
  Segment part 7.             Intra module refs:   Segment part 6
    -------------------------------------------------------------------------
XDATA_ID
  Relative segment, address: CODE 00000198 - 0000019D (0x6 bytes), align: 0
  Segment part 13.            Intra module refs:   Segment part 12
    -------------------------------------------------------------------------
<XDATA_ROM_C> 1 (was XDATA_ROM_C)
  Relative segment, address: CONST 00008E95 - 00008E98 (0x4 bytes), align: 0
  Segment part 15.            Intra module refs:   gapWriteAdvEnableStatus
           ENTRY                   ADDRESS         REF BY
           =====                   =======         ======
           __Constant_3e8          00008E95 
    -------------------------------------------------------------------------
BANK_RELAYS
  Relative segment, address: CODE 00000241 - 00000246 (0x6 bytes), align: 0
  Segment part 17.
           ENTRY                   ADDRESS         REF BY
           =====                   =======         ======
           GAP_MakeDiscoverable::?relay
                                   00000241        GAPRole_ProcessEvent (broadcaster)
    -------------------------------------------------------------------------
BANK_RELAYS
  Relative segment, address: CODE 00000247 - 0000024C (0x6 bytes), align: 0
  Segment part 19.
           ENTRY                   ADDRESS         REF BY
           =====                   =======         ======
           GAP_UpdateAdvertisingData::?relay
                                   00000247        gapRole_ProcessGAPMsg (broadcaster)
    -------------------------------------------------------------------------
BANK_RELAYS
  Relative segment, address: CODE 0000024D - 00000252 (0x6 bytes), align: 0
  Segment part 21.            Intra module refs:   gapProcessAdvertisingEvt
           ENTRY                   ADDRESS         REF BY
           =====                   =======         ======
           GAP_EndDiscoverable::?relay
                                   0000024D        GAPRole_SetParameter (broadcaster)
    -------------------------------------------------------------------------
BANK_RELAYS
  Relative segment, address: CODE 00000253 - 00000258 (0x6 bytes), align: 0
  Segment part 33.
           ENTRY                   ADDRESS         REF BY
           =====                   =======         ======
           GAP_PeriDevMgrInit::?relay
                                   00000253        GAP_DeviceInit (gap)
    -------------------------------------------------------------------------
BANK_RELAYS
  Relative segment, address: CODE 00000259 - 0000025E (0x6 bytes), align: 0
  Segment part 37.            Intra module refs:   Segment part 13
           LOCAL                   ADDRESS         
           =====                   =======         
           gapPeriProcessHCICmdCompleteEvt::?relay
                                   00000259 
    -------------------------------------------------------------------------
BANK_RELAYS
  Relative segment, address: CODE 0000025F - 00000264 (0x6 bytes), align: 0
  Segment part 39.            Intra module refs:   GAP_MakeDiscoverable
                                                   Segment part 13
           ENTRY                   ADDRESS         REF BY
           =====                   =======         ======
           gapSetAdvParams::?relay
                                   0000025F 
    -------------------------------------------------------------------------
BANK_RELAYS
  Relative segment, address: CODE 00000265 - 0000026A (0x6 bytes), align: 0
  Segment part 43.            Intra module refs:   gapPeriProcessHCICmdCompleteEvt
           ENTRY                   ADDRESS         REF BY
           =====                   =======         ======
           gapSetAdvParamsStatus::?relay
                                   00000265 
    -------------------------------------------------------------------------
BANK_RELAYS
  Relative segment, address: CODE 0000026B - 00000270 (0x6 bytes), align: 0
  Segment part 45.            Intra module refs:   gapPeriProcessHCICmdCompleteEvt
           ENTRY                   ADDRESS         REF BY
           =====                   =======         ======
           gapWriteAdvEnableStatus::?relay
                                   0000026B 
    -------------------------------------------------------------------------
BANK_RELAYS
  Relative segment, address: CODE 00000271 - 00000276 (0x6 bytes), align: 0
  Segment part 52.            Intra module refs:   gapPeriProcessHCICmdCompleteEvt
           ENTRY                   ADDRESS         REF BY
           =====                   =======         ======
           gapWriteAdvDataStatus::?relay
                                   00000271 
    -------------------------------------------------------------------------
BANK_RELAYS
  Relative segment, address: CODE 00000277 - 0000027C (0x6 bytes), align: 0
  Segment part 56.            Intra module refs:   Segment part 13
           LOCAL                   ADDRESS         
           =====                   =======         
           gapProcessAdvertisingEvt::?relay
                                   00000277 
    -------------------------------------------------------------------------
BANK_RELAYS
  Relative segment, address: CODE 0000027D - 00000282 (0x6 bytes), align: 0
  Segment part 86.            Intra module refs:   gapSetAdvParamsStatus
                                                   gapWriteAdvEnableStatus
           LOCAL                   ADDRESS         
           =====                   =======         
           gapSendMakeDiscEvent::?relay
                                   0000027D 
    -------------------------------------------------------------------------
BANK_RELAYS
  Relative segment, address: CODE 00000283 - 00000288 (0x6 bytes), align: 0
  Segment part 89.            Intra module refs:   GAP_MakeDiscoverable
                                                   gapProcessAdvertisingEvt
                                                   gapSendMakeDiscEvent
                                                   gapWriteAdvEnableStatus
           LOCAL                   ADDRESS         
           =====                   =======         
           gapFreeAdvertState::?relay
                                   00000283 
    -------------------------------------------------------------------------
BANK_RELAYS
  Relative segment, address: CODE 00000289 - 0000028E (0x6 bytes), align: 0
  Segment part 93.            Intra module refs:   gapSetAdvParams
                                                   gapWriteAdvEnableStatus
           LOCAL                   ADDRESS         
           =====                   =======         
           isLimitedDiscoverableMode::?relay
                                   00000289 
    -------------------------------------------------------------------------
<XDATA_ROM_C_FLASH> 1 (was XDATA_ROM_C_FLASH)
  Relative segment, address: CODE 00008E95 - 00008E98 (0x4 bytes), align: 0
  Segment part 102.           Intra module refs:   __Constant_3e8

    -------------------------------------------------------------------------
  LIBRARY MODULE, NAME : gap_simpletask

  SEGMENTS IN THE MODULE
  ======================
XDATA_Z
  Relative segment, address: XDATA 000002A4 - 000002A4 (0x1 bytes), align: 0
  Segment part 6.             Intra module refs:   GAP_Init
                                                   GAP_ProcessEvent
           ENTRY                   ADDRESS         REF BY
           =====                   =======         ======
           gapTaskID               000002A4        GAP_EndDiscoverable (gap_peridevmgr)
                                                   GAP_MakeDiscoverable (gap_peridevmgr)
                                                   Segment part 58 (gap_peridevmgr)
                                                   gapProcessAdvertisingEvt (gap_peridevmgr)
                                                   gapProcessRandomAddrComplete (gap_configmgr)
                                                   gapWriteAdvEnableStatus (gap_peridevmgr)
    -------------------------------------------------------------------------
XDATA_I
  Relative segment, address: XDATA 0000048C - 0000048C (0x1 bytes), align: 0
  Segment part 7.             Intra module refs:   GAP_ProcessEvent
                                                   GAP_RegisterForHCIMsgs
           ENTRY                   ADDRESS         REF BY
           =====                   =======         ======
           gapUnwantedTaskID       0000048C 
    -------------------------------------------------------------------------
XDATA_Z
  Relative segment, address: XDATA 000002A5 - 000002A6 (0x2 bytes), align: 0
  Segment part 9.             Intra module refs:   GAP_ProcessEvent
                                                   gapProcessHCICmdCompleteEvt
                                                   gapRegisterPeripheral
           ENTRY                   ADDRESS         REF BY
           =====                   =======         ======
           pfnPeripheralCBs        000002A5        gapProcessRandomAddrComplete (gap_configmgr)
    -------------------------------------------------------------------------
XDATA_Z
  Relative segment, address: XDATA 000002A7 - 000002A8 (0x2 bytes), align: 0
  Segment part 10.            Intra module refs:   Segment part 26
    -------------------------------------------------------------------------
<BANKED_CODE,CODE_C> 1 (was BANKED_CODE)
  Relative segment, address: CODE 00005723 - 0000572D (0xb bytes), align: 0
  Segment part 11.            Intra module refs:   GAP_RegisterForHCIMsgs::?relay
           ENTRY                   ADDRESS         REF BY
           =====                   =======         ======
           GAP_RegisterForHCIMsgs
                                   00005723 
               ISTACK = 00000000 ( 00000002 )
    -------------------------------------------------------------------------
<BANKED_CODE,CODE_C> 1 (was BANKED_CODE)
  Relative segment, address: CODE 0000572E - 0000573F (0x12 bytes), align: 0
  Segment part 13.            Intra module refs:   GAP_Init::?relay
           ENTRY                   ADDRESS         REF BY
           =====                   =======         ======
           GAP_Init                0000572E 
               calls direct
               XSTACK = 00000000 ( 00000009 )
    -------------------------------------------------------------------------
<BANKED_CODE,CODE_C> 1 (was BANKED_CODE)
  Relative segment, address: CODE 00005740 - 00005810 (0xd1 bytes), align: 0
  Segment part 15.            Intra module refs:   GAP_ProcessEvent::?relay
           ENTRY                   ADDRESS         REF BY
           =====                   =======         ======
[...]
                                                   HalLcdWriteString (hal_lcd)
                                                   LL_Init (ll)
                                                   LL_RandCback (hci)
                                                   cleanErasedPage (osal_snv)
                                                   compactPage (osal_snv)
                                                   erasePage (osal_snv)
                                                   findItem (osal_snv)
                                                   findOffset (osal_snv)
                                                   gapProcessRandomAddrComplete (gap_configmgr)
                                                   gapReadBD_ADDRStatus (gap_configmgr)
                                                   gapRole_ProcessGAPMsg (broadcaster)
                                                   gapSendDeviceInitDoneEvent (gap_configmgr)
                                                   gapSetAdvParams (gap_peridevmgr)
                                                   initNV (osal_snv)
                                                   isLimitedDiscoverableMode (gap_peridevmgr)
                                                   llFindTxPowerSettings (ll_common)
                                                   osal_memset (OSAL)
                                                   osal_msg_receive (OSAL)
                                                   verifyWordM (osal_snv)
                                                   writeWord (osal_snv)
    -------------------------------------------------------------------------
RCODE
  Relative segment, address: CODE 00000CA4 - 00000CA5 (0x2 bytes), align: 0
  Segment part 3.
           ENTRY                   ADDRESS         REF BY
           =====                   =======         ======
           ?PUSH_XSTACK_I_ONE      00000CA4        HCI_LE_SetAdvParamCmd (hci)
                                                   gapSetAdvParams (gap_peridevmgr)
                                                   writeWord (osal_snv)
    -------------------------------------------------------------------------
RCODE
  Relative segment, address: CODE 00000CA6 - 00000CB2 (0xd bytes), align: 0
  Segment part 4.             Intra module refs:   ?PUSH_XSTACK_I_FOUR
                                                   ?PUSH_XSTACK_I_ONE
                                                   ?PUSH_XSTACK_I_TWO
           ENTRY                   ADDRESS         REF BY
           =====                   =======         ======
           ?PUSH_XSTACK_I          00000CA6 

    -------------------------------------------------------------------------
  LIBRARY MODULE, NAME : ?PUSH_XSTACK8_X

  SEGMENTS IN THE MODULE
  ======================
RCODE
  Relative segment, address: CODE 00000CB3 - 00000CB6 (0x4 bytes), align: 0
  Segment part 1.
           ENTRY                   ADDRESS         REF BY
           =====                   =======         ======
           ?PUSH_XSTACK8_X_FOUR    00000CB3        GAP_MakeDiscoverable (gap_peridevmgr)
                                                   Hal_ProcessEvent (hal_drivers)
                                                   LL_ProcessEvent (ll)
                                                   gapProcessRandomAddrComplete (gap_configmgr)
                                                   gapWriteAdvEnableStatus (gap_peridevmgr)
                                                   halProcessKeyInterrupt (hal_key)
                                                   halSleep (hal_sleep)
    -------------------------------------------------------------------------
RCODE
  Relative segment, address: CODE 00000CB7 - 00000CDF (0x29 bytes), align: 0
  Segment part 5.             Intra module refs:   ?PUSH_XSTACK8_X_FOUR
           ENTRY                   ADDRESS         REF BY
           =====                   =======         ======
           ?PUSH_XSTACK8_X         00000CB7 

    -------------------------------------------------------------------------
  LIBRARY MODULE, NAME : ?US_SWITCH_DENSE

  SEGMENTS IN THE MODULE
  ======================
RCODE
  Relative segment, address: CODE 00000CE0 - 00000CE6 (0x7 bytes), align: 0
  Segment part 0.
           ENTRY                   ADDRESS         REF BY
           =====                   =======         ======
           ?US_SWITCH_DENSE        00000CE0        GAPRole_GetParameter (broadcaster)
                                                   GAPRole_SetParameter (broadcaster)
                                                   gapPeriProcessHCICmdCompleteEvt (gap_peridevmgr)
    -------------------------------------------------------------------------
RCODE
  Relative segment, address: CODE 00000CE7 - 00000D24 (0x3e bytes), align: 0
  Segment part 2.             Intra module refs:   ?US_SWITCH_DENSE
    -------------------------------------------------------------------------
RCODE
  Relative segment, address: CODE 00000D25 - 00000D25 (0x1 bytes), align: 0
  Segment part 4.             Intra module refs:   ?US_SWITCH_DENSE

    -------------------------------------------------------------------------
  LIBRARY MODULE, NAME : ?US_SWITCH_SPARSE

  SEGMENTS IN THE MODULE
  ======================
RCODE
  Relative segment, address: CODE 00000D26 - 00000D2F (0xa bytes), align: 0
  Segment part 0.
           ENTRY                   ADDRESS         REF BY
           =====                   =======         ======
           ?US_SWITCH_SPARSE       00000D26        gapProcessHCICmdCompleteEvt (gap_simpletask)
    -------------------------------------------------------------------------
RCODE
  Relative segment, address: CODE 00000D30 - 00000D70 (0x41 bytes), align: 0
  Segment part 2.             Intra module refs:   ?US_SWITCH_SPARSE
           ENTRY                   ADDRESS         REF BY
           =====                   =======         ======
           ?US_SWITCH_SPARSE_LEAVE
                                   00000D62        ?US_JMP_IF_IN_RANGE (?US_JMP_IF_IN_RANGE)
                                                   ?US_JMP_IF_VALUE (?US_JMP_IF_VALUE)
    -------------------------------------------------------------------------
RCODE
  Relative segment, address: CODE 00000D71 - 00000D71 (0x1 bytes), align: 0
  Segment part 4.             Intra module refs:   ?US_SWITCH_SPARSE

    -------------------------------------------------------------------------
  LIBRARY MODULE, NAME : ?US_JMP_IF_IN_RANGE

  SEGMENTS IN THE MODULE
  ======================
RCODE
  Relative segment, address: CODE 00000D72 - 00000DB0 (0x3f bytes), align: 0
  Segment part 0.
           ENTRY                   ADDRESS         REF BY
           =====                   =======         ======
           ?US_JMP_IF_IN_RANGE     00000D72        ?US_SWITCH_SPARSE_LEAVE (?US_SWITCH_SPARSE)

    -------------------------------------------------------------------------
  LIBRARY MODULE, NAME : ?US_JMP_IF_VALUE

  SEGMENTS IN THE MODULE
  ======================
RCODE
  Relative segment, address: CODE 00000DB1 - 00000DDB (0x2b bytes), align: 0
  Segment part 0.
           ENTRY                   ADDRESS         REF BY
           =====                   =======         ======
           ?US_JMP_IF_VALUE        00000DB1        ?US_SWITCH_SPARSE_LEAVE (?US_SWITCH_SPARSE)

    -------------------------------------------------------------------------
  LIBRARY MODULE, NAME : ?memset

  SEGMENTS IN THE MODULE
  ======================
<BANKED_CODE,CODE_C> 1 (was BANKED_CODE)
  Relative segment, address: CODE 000067A5 - 000067D0 (0x2c bytes), align: 0
  Segment part 6.             Intra module refs:   memset::?relay
           ENTRY                   ADDRESS         REF BY
           =====                   =======         ======
           memset                  000067A5 
               XSTACK = 00000002 ( 00000000 )
               ISTACK = 00000000 ( 00000002 )
    -------------------------------------------------------------------------
BANK_RELAYS
  Relative segment, address: CODE 0000074B - 00000750 (0x6 bytes), align: 0
  Segment part 7.
           ENTRY                   ADDRESS         REF BY
           =====                   =======         ======
           memset::?relay          0000074B        osal_memset (OSAL)

    -------------------------------------------------------------------------
  LIBRARY MODULE, NAME : ?strlen

  SEGMENTS IN THE MODULE
  ======================
<BANKED_CODE,CODE_C> 1 (was BANKED_CODE)
  Relative segment, address: CODE 000067F3 - 00006810 (0x1e bytes), align: 0
  Segment part 6.             Intra module refs:   strlen::?relay
           ENTRY                   ADDRESS         REF BY
           =====                   =======         ======
           strlen                  000067F3 
               ISTACK = 00000000 ( 00000002 )
    -------------------------------------------------------------------------
BANK_RELAYS
  Relative segment, address: CODE 00000751 - 00000756 (0x6 bytes), align: 0
  Segment part 7.
           ENTRY                   ADDRESS         REF BY
           =====                   =======         ======
           strlen::?relay          00000751        osal_strlen (OSAL)




                ****************************************
                *                                      *
                *            MODULE SUMMARY            *
                *                                      *
                ****************************************

Module                       CODE      DATA      XDATA  IDATA    BIT  CONST
------                       ----      ----      -----  -----    ---  -----
                            (Rel)  (Rel)  (Abs)  (Rel)  (Rel)  (Rel)  (Rel)
?ADD_XSTACK_DISP8              27
?ALLOC_XSTACK8                 22
?BANKED_CODE_SUPPORT           30
?BANKED_ENTER_XDATA           108
?BANKED_LEAVE_XDATA            70
?CALL_IND                       2
?DEALLOC_XSTACK8               26
?FUNC_ENTER_XDATA             102
?FUNC_LEAVE_XDATA              64
?INTERRUPT_ENTER_XSP           95
?INTERRUPT_LEAVE_XSP           88
?L_ADD                         19
?L_ADD_TO_X                    19
?L_ADD_X                       19
?L_AND_X                       19
?L_EQ_X                        21
?L_MOV_TO_X                    15
?L_MOV_X                       15
?L_MUL                        128
?L_SHL                         31
?L_SUB                         20
?L_SUB_FROM_X                  20
?MOVE_LONG8_XDATA_IDATA        13
?MOVE_LONG8_XDATA_XDATA        33
?PUSH_XSTACK8_X                45
?PUSH_XSTACK_I                 23
?SS_SHR                        16
?S_DIV_MOD                     89
?S_SHL                         19
?UL_DIV_MOD                   112
?UL_GE_X                       31
?UL_GT                         16
?UL_GT_X                       16
?UL_SHR                        25
?US_JMP_IF_IN_RANGE            63
?US_JMP_IF_VALUE               43
?US_SHR                        15
?US_SWITCH_DENSE               70
?US_SWITCH_SPARSE              76
?XLOAD_R2345                   12
?XSTACK_DISP8                  10
?XSTORE_R2345                  12
?cexit                          5
?cmain                        135
?memset                        50
?strlen                        36
CSTARTUP                       18
  + common                      3
OSAL                        1 346                    3
OSAL_ClockBLE                 253                   10
OSAL_Memory                   521                2 051
OSAL_PwrMgr                   176                    7
OSAL_SimpleBLEBroadcaster      91                    2                   15
OSAL_Timers                 1 160                    6
OnBoard                       195                    2
SimpleBLEBroadcaster_Main      88             1
  + shared                                    1
VIRTUAL_REGISTERS                      2                           8
broadcaster                 1 397                   88
gap                            40
gap_configmgr                 798                  100
  + shared                                                                8
gap_devmgr                    189                    2
gap_peridevmgr              1 893                   13                    4
gap_simpletask                545                    6
hal_adc                       189             4      1
  + shared                                    1
hal_aes                        85
  + shared                                    3
hal_dma                        23             4     40
hal_drivers                   249                    1
  + shared                                                                4
hal_flash                     278
  + shared                                    1
hal_key                       541             5      5
  + shared                    110            11                           4
  + common
hal_lcd                       794             6      2                   18
  + shared                                    3
hal_led                        31                    1
hal_sleep                     670      1      2      2                   24
  + shared                     46             3
  + common
hal_startup                    11
hci                           889                    2
  + shared                                                                4
hci_event                     767                    9
hci_tl                        125                    6
ll                          1 819             3    168      2             4
  + shared                                    2                          12
ll_advEndCauses               604
ll_common                   1 711            10                          16
ll_constData                    8
ll_enc                        315             3
ll_errorEndCauses               9
ll_halt                         7      2
ll_isr                        599
  + shared                    134            10                           8
  + common
ll_scheduler                1 388                   29                   16
ll_sleep                      626                                         8
  + shared                                                                4
ll_timer2                   1 181             8
osal_cbtimer                  275                   62
osal_snv                    5 555                    4                    4
  + shared                                                                4
phy                           865                    1
phy_image                   3 582                                     3 582
simpleBLEBroadcaster          630                   53                   72
N/A (command line)                    24           640    192
N/A (alignment)
----------                 ------     --     --  -----    ---      -  -----
Total:                     34 461     29     81  3 316    194      8  3 811
  + common                    134


                ****************************************
                *                                      *
                *      SEGMENTS IN ADDRESS ORDER       *
                *                                      *
                ****************************************


SEGMENT              SPACE    START ADDRESS   END ADDRESS     SIZE  TYPE  ALIGN
=======              =====    =============   ===========     ====  ====  =====
INTVEC               CODE          00000000 - 00000085          86   com    0
CSTART               CODE          00000086 - 0000014C          C7   rel    0
BIT_ID               CODE               0000014D                     dse    0
BDATA_ID             CODE               0000014D                     dse    0
DATA_ID              CODE          0000014D - 0000014D           1   rel    0
IXDATA_ID            CODE               0000014E                     dse    0
PDATA_ID             CODE               0000014E                     dse    0
IDATA_ID             CODE               0000014E                     dse    0
XDATA_ID             CODE          0000014E - 00000204          B7   rel    0
BANK_RELAYS          CODE          00000205 - 00000756         552   rel    0
RCODE                CODE          00000757 - 00000DDB         685   rel    0
CODE_N               CODE               00000DDC                     dse    0
DIFUNCT              CODE               00000DDC                     dse    0
NEAR_CODE            CODE          00000DDC - 000013C7         5EC   rel    2
<BANKED_CODE,CODE_C> 1
                     CODE          000013C8 - 00006837        5470   rel    2
SLEEP_CODE           CODE          00007FF8 - 00007FFF           8   rel    0
<XDATA_ROM_C_FLASH> 1
                     CODE          00008000 - 00008EE2         EE3   rel    0
BLENV_ADDRESS_SPACE
                     CODE          0003E800 - 0003F7FF        1000   rel    0
REGISTERS            DATA          00000000 - 00000007           8   rel    0
VREG                 DATA          00000008 - 00000017          10   rel    0
PSP                  DATA               00000018                     dse    0
XSP                  DATA          00000018 - 00000019           2   rel    0
DATA_I               DATA          0000001A - 0000001A           1   rel    0
DATA_Z               DATA          0000001B - 0000001C           2   rel    0
BREG                 BIT        00000020.0  -  00000020.7        8   rel    0
SFR_AN               DATA          00000080 - 00000080           1   rel    0
                     DATA          00000087 - 00000089           3 
                     DATA          0000008B - 0000008D           3 
                     DATA          00000090 - 00000091           2 
                     DATA          00000094 - 00000097           4 
                     DATA          0000009A - 000000A9          10 
                     DATA          000000AB - 000000AF           5 
                     DATA          000000B3 - 000000B4           2 
                     DATA          000000B6 - 000000B6           1 
                     DATA          000000B8 - 000000C0           9 
                     DATA          000000C3 - 000000C3           1 
                     DATA          000000C6 - 000000C7           2 
                     DATA          000000D1 - 000000D7           7 
                     DATA          000000D9 - 000000DB           3 
                     DATA          000000E1 - 000000E5           5 
                     DATA          000000E8 - 000000E9           2 
                     DATA          000000F1 - 000000F2           2 
                     DATA          000000F2 - 000000F5           4 
                     DATA          000000F7 - 000000FF           9 
XSTACK               XDATA         00000001 - 00000280         280   rel    0
XDATA_Z              XDATA         00000281 - 0000043B         1BB   rel    0
XDATA_I              XDATA         0000043C - 000004F2          B7   rel    0
<XDATA_N> 1          XDATA         000004F3 - 00000CF4         802   rel    0
<XDATA_ROM_C> 1      CONST         00008000 - 00008EE2         EE3   rel    0
IDATA_I              IDATA              0000001D                     dse    0
IDATA_Z              IDATA         0000001D - 0000001E           2   rel    0
ISTACK               IDATA         00000040 - 000000FF          C0   rel    0

                ****************************************
                *                                      *
                *        END OF CROSS REFERENCE        *
                *                                      *
                ****************************************

 34 595 bytes of CODE  memory
     29 bytes of DATA  memory (+ 81 absolute )
  3 316 bytes of XDATA memory
    194 bytes of IDATA memory
      8 bits  of BIT   memory
  3 811 bytes of CONST memory

Errors: none
Warnings: none

